// Jest Snapshot v1, https://goo.gl/fbAQLP

exports[`GamesList Snap shot 1`] = `ShallowWrapper {}`;
