// Jest Snapshot v1, https://goo.gl/fbAQLP

exports[`Panel item markup match Snapshot 1`] = `ShallowWrapper {}`;
