// Jest Snapshot v1, https://goo.gl/fbAQLP

exports[`FieldInput item markup match Snapshot 1`] = `ShallowWrapper {}`;
