// Jest Snapshot v1, https://goo.gl/fbAQLP

exports[`Gameform markup match snapshoot 1`] = `ShallowWrapper {}`;
