// Jest Snapshot v1, https://goo.gl/fbAQLP

exports[`Game item markup Match Snapshot 1`] = `ShallowWrapper {}`;
