// Jest Snapshot v1, https://goo.gl/fbAQLP

exports[`Games page markup match snapshoot 1`] = `ShallowWrapper {}`;
